// Jest Snapshot v1, https://goo.gl/fbAQLP

exports[`ColorList component renders ColorList 1`] = `
<Fragment>
  <CreateColor
    addColor={[Function]}
  />
  <Colors
    colors={Array []}
  />
</Fragment>
`;
