// Jest Snapshot v1, https://goo.gl/fbAQLP

exports[`Color component renders Color 1`] = `
<dl>
  <dt>
    Name
  </dt>
  <dd>
    Red
  </dd>
  <dt>
    Hex
  </dt>
  <dd>
    FF0000
  </dd>
  <dt>
    RGB
  </dt>
  <dd>
    Red - 
    255
  </dd>
  <dd>
    Green - 
    0
  </dd>
  <dd>
    Blue - 
    0
  </dd>
</dl>
`;
